chaostv/flying-objects-camp-2007.flv
chaostv/3SAT-nerds.flv
chaostv/the-amen-break.flv
chaostv/steal-this-film-part-1.flv
chaostv/tennis-for-two.flv
chaostv/hard-drive-track-seeking.flv
chaostv/die-mateorgel.mp4
chaostv/spin.flv
chaostv/charlie-chaplin-the-great-dictator.mp4
chaostv/camp-2007-preview.flv
chaostv/panopticom-ueberwachung.mp4
chaostv/game-over.flv
chaostv/chaosradio_video.flv
chaostv/my-favorite-net-things.flv
chaostv/binary-marble-adding-machine.flv
chaostv/alltag-ueberwachung.flv
chaostv/the-real-mystery-blinkenlights.mp4
chaostv/clinton-curtis-interview-2004.mp4
chaostv/magic-highway-usa.flv
chaostv/die-mateorgel.flv
chaostv/many-to-many.flv
chaostv/codes-makers-and-breakers.flv
chaostv/city-control.flv
chaostv/2006-10-04-nl-eenvandaag-stemcomputers-subtitles.flv
chaostv/2007-12-16-wir-sind-alle-terroristen.mp4
chaostv/spreeblick_schaeuble_epass.flv
chaostv/behind-the-freedom-curtain.flv
chaostv/erlang-declarative-real-time-programming-now.mp4
chaostv/chaos_communication_camp_2003-hq.flv
chaostv/information-war.mp4
chaostv/23C3-documentation-video.mp4
chaostv/multi-touch-interaction-experiments.flv
chaostv/grl-vienna-24C3.flv
chaostv/grl-laser-tagging-system.mp4
chaostv/watch-the-k-foundation-burn-a-million-quid.flv
chaostv/blog-tv-23c3.flv
chaostv/steal-this-film-part-2.mp4
chaostv/monochrom-rfid.mp4
chaostv/the-tool-kensington-lock-eurofoo-2004.flv
chaostv/wau-holland-camp-1999.flv
chaostv/panopticom-digitalisierung.flv
chaostv/big-brother-state.flv
chaostv/dial-comes-to-town.flv
chaostv/a-research-center-for-augmenting-human-intellect.flv
chaostv/sachgeschichte-internet.flv
chaostv/arcade-video-hq.flv
chaostv/steal-this-film-part-1.mp4
chaostv/wir-koennen-alles-ausser-hochdeutsch.mp4
chaostv/erlang-declarative-real-time-programming-now.flv
chaostv/unauthorized-access.flv
chaostv/trusted-computing.flv
chaostv/the-yes-men-democracy-now.flv
chaostv/discovering-electronic-music.flv
chaostv/hacker_packen_aus.mp4
chaostv/chaos-comedy-club-episode-9.flv
chaostv/net-neutrality.flv
chaostv/der_stack.flv
chaostv/hacker_packen_aus.flv
chaostv/blog-tv-23c3.mp4
chaostv/codes-makers-and-breakers.mp4
chaostv/grl-vienna-24C3.mp4
chaostv/wahlstifthack.flv
chaostv/what-barry-says.flv
chaostv/the-beauty-of-sorting.flv
chaostv/23C3-documentation-video.flv
chaostv/natural-hallucinogen.flv
chaostv/ccc-fingerabdruck.flv
chaostv/planet-unter-beobachtung.flv
chaostv/wir-koennen-alles-ausser-hochdeutsch.flv
chaostv/clinton-curtis-interview-2004.flv
chaostv/the-real-mystery-blinkenlights.flv
chaostv/morphable-model-3d-faces.flv
chaostv/the-amen-break.mp4
chaostv/panopticom-ueberwachung.flv
chaostv/softwaretausch-beim-wahlcomputer-in-60-sekunden.mp4
chaostv/blinkenlights-video-hq.flv
chaostv/powers-of-ten.flv
chaostv/mega-robot-returns.flv
chaostv/voting-computer-tempest-attack.flv
chaostv/a-new-computer.mp4
chaostv/videocamere-contro-il-controllo.flv
chaostv/monochrom-rfid.flv
chaostv/2000-05-09-wau_holland-komplexitaet-und-management.flv
chaostv/the-day-the-routers-died.flv
chaostv/information-war.flv
chaostv/chaosradio_video.mp4
chaostv/der_stack.mp4
chaostv/2008-01-10-democracy_now-voting_computers.flv
chaostv/2007-12-16-wir-sind-alle-terroristen.flv
chaostv/frank-zappa-cnn-crossfire-1986.flv
chaostv/22C3-eisenbahn.flv
chaostv/game-over.mp4
chaostv/magic-highway-usa.mp4
chaostv/disinformation.flv
chaostv/chaos-comedy-club-episode-13.flv
chaostv/my-favorite-net-things.mp4
chaostv/softwaretausch-beim-wahlcomputer-in-60-sekunden.flv
chaostv/spin.mp4
chaostv/chocolate-city.flv
chaostv/charlie-chaplin-the-great-dictator.flv
chaostv/panopticom-digitalisierung.mp4
chaostv/steal-this-film-part-2.flv
chaostv/unauthorized-access.mp4
chaostv/suspect-nation.flv
chaostv/disinformation.mp4
chaostv/chaos_communication_camp_2003-hq.mp4
chaostv/a-new-computer.flv
chaostv/blinkenlights-video-hq.mp4
chaostv/copyright-slavery.flv
chaostv/natural-hallucinogen.mp4
chaostv/citizen-cam.flv
chaostv/3SAT-nerds.mp4
chaostv/videocamere-contro-il-controllo.mp4
chaostv/ccc-fingerabdruck.mp4
chaostv/grl-laser-tagging-system.flv
chaostv/computer-networks-1972.flv
chaostv/monty-python-spam.flv
congress/2004/171 Siegerehrung Lockpicking.flv
congress/2004/142 Lightning Talk-Plazes by Plazes.flv
congress/2004/141 Pirate Radio.flv
congress/2004/134 Secure Instant Messaging.flv
congress/2004/173 Closing Event.flv
congress/2004/053 Enforcing the GNU GPL.flv
congress/2004/130 Physical Security Pt 1.flv
congress/2004/066 Bluetooth Hacking.flv
congress/2004/310 Information-Wissen-Macht.flv
congress/2004/218 Practical MacOS X Insecurities.flv
congress/2004/058 The Blinking Suspects.flv
congress/2004/278 TKUeV-Das Ohr am Draht.flv
congress/2004/117 Kampagne Fair Sharing.flv
congress/2004/057 SUN Bloody Daft Solaris Mechanisms.flv
congress/2004/045 Internet Censorship in China.flv
congress/2004/044 Machine Learning in Science and Engineering.flv
congress/2004/bonus/21C3-trailer.flv
congress/2004/bonus/21C3_-_The_Network_Equipment_Delivery.flv
congress/2004/bonus/21C3_-_The_Network_Equipment_Delivery.mp4
congress/2004/bonus/Thriller.flv
congress/2004/bonus/21C3-trailer.mp4
congress/2004/013 The Art of Fingerprinting.flv
congress/2004/142 Lightning Talk-Shortest C Coding Contest Announcement.flv
congress/2004/157 Lightning Talk-Bags for Cellphones Silvercell.flv
congress/2004/131 Learning OpenPGP by Example.flv
congress/2004/114 Der 2. Korb der Urheberrechtsnovelle.flv
congress/2004/246 RFID Technologie und Implikationen.flv
congress/2004/168 Spampolitik.flv
congress/2004/250 Lightning Talk-Subnetting in P2P systems.flv
congress/2004/038 Free Software Usage in South America.flv
congress/2004/101 XMPP - Jabber.flv
congress/2004/308 MD5 To Be Considered Harmful Someday.flv
congress/2004/249 Opening Event.flv
congress/2004/123 Gentoo Hardened.flv
congress/2004/055 CCC-Jahresrueckblick.flv
congress/2004/090 Hacktivity.flv
congress/2004/209 Freedom of expression in new Arab landscape.flv
congress/2004/157 Lightning Talk-SEXual Salvation .flv
congress/2004/037 GNOME Anwendungsentwicklung.flv
congress/2004/250 Lightning Talk-IT security magazines in Europe.flv
congress/2004/049 Zufallszahlengeneratoren.flv
congress/2004/078 Aspects of Elliptic Curve Cryptography.flv
congress/2004/051 Recent features to OpenBSD-ntpd and bgpd.flv
congress/2004/157 Lightning Talk-Piepie.flv
congress/2004/111 The Kernel Accelerator Device.flv
congress/2004/029 Robocup.flv
congress/2004/157 Lightning Talk-Liquid Democracy Voting Machines in Brazil.flv
congress/2004/250 Lightning Talk-Mute Magazine and openmute.org.flv
congress/2004/250 Lightning Talk-NetBSD Status Report.flv
congress/2004/047 Datamining the NSA.flv
congress/2004/135 Voting Machine Technology.flv
congress/2004/157 Lightning Talk-Whats hot in Wikilandia.flv
congress/2004/067 Inside PDF.flv
congress/2004/098 Portable Software-Installation with pkg source.flv
congress/2004/174 Lobbying fuer Nerds.flv
congress/2004/129 Die Propagandawueste des realen Krieges.flv
congress/2004/157 Lightning Talk-Window Manager Improved GUI Concepts.flv
congress/2004/163 SPAM Workshop.flv
congress/2004/250 Lightning Talk-Stacksmashing Winner.flv
congress/2004/146 Mehr Sicherheit fuer HostAP-WLANs.flv
congress/2004/074 Hacker-Jeopardy.flv
congress/2004/158 How to find anything on the web.flv
congress/2004/157 Lightning Talk-muttng.flv
congress/2004/109 Anti-Honeypot Techniques.flv
congress/2004/080 USB-Unbekannter Serieller Bus.flv
congress/2004/070 Fnord-Jahresrueckblick.flv
congress/2004/250 Lightning Talk-Block Ciphers creates by evolutionary algorithms.flv
congress/2004/164 Barrierefreies Internet.flv
congress/2004/315 Fight for your Right to Fileshare.flv
congress/2004/142 Lightning Talk-Stacksmashing Contest.flv
congress/2004/059 Wikipedia Sociographics.flv
congress/2004/105 Honeypot Forensics.flv
congress/2004/178 Humanoid Robots.flv
congress/2004/052 Die Ueblichen Verdaechtigen.flv
congress/2004/142 Lightning Talk-IT Security - Quo Vadis.flv
congress/2004/015 Sicherheit bei VoIP-Systemen.flv
congress/2004/232 Positionsbezogene Ad-hoc Kollaboration ueber WLAN.flv
congress/2004/016 Phishing the Web.flv
congress/2004/176 Passive covert channels in the Linux kernel.flv
congress/2004/046 Tollcollect.flv
congress/2004/142 Lightning Talk-Linuxclub.de.flv
congress/2004/018 Computer und Robotik in Entenhausen.flv
congress/2004/215 The Incomputable Alan Turing.flv
congress/2004/027 Biometrie in Ausweisdokumenten.flv
congress/2004/307 Gesundheitskarte.flv
congress/2004/157 Lightning Talk-New Demonstration Tactics Pink Silver Block.flv
congress/2004/041 Einfuehrung in Kryptographische Methoden.flv
congress/2004/159 State of Emergent Democracy.flv
congress/2004/064 Trusted Computing.flv
congress/2004/138 Protesting in the new Millenium.flv
congress/2004/099 GPL fuer Anfaenger.flv
congress/2004/157 Lightning Talk-trusted computing for everybody.flv
congress/2004/063 Edit This Page.flv
congress/2004/077 Weird Programming 2.flv
congress/2004/250 Lightning Talk-Introducing Meshdisk single floppy Linux.flv
congress/2004/019 Verdeckte Netzwerkanalyse.flv
congress/2004/130 Physical Security Pt 2.flv
congress/2004/097 Das Literarische Code-Quartett.flv
congress/2004/108 The Convergence of Anti-Counterfeiting and Computer Security.flv
congress/2004/062 Hacking EU funding for a FOSS project.flv
congress/2004/060 Digital Prosthetics.flv
congress/2004/157 Lightning Talk-TPP text presentation program.flv
congress/2004/133 How to Herd Cats.flv
congress/2004/028 Biometrie ueberwinden.flv
congress/2004/208 Gamecube Hacking.flv
congress/2004/113 Automated Hacking via Google.flv
congress/2003/20C3-653-Device_hacking_with_JTAG.flv
congress/2003/20C3-537-WSIS_Overview.mp4
congress/2003/20C3-560-Soziale_Software.mp4
congress/2003/20C3-598-Trust_based_P2P_WYMIWYG_KnoBot_project.mp4
congress/2003/20C3-550-ROCK-Linux_Das_Tool_zum_Erstellen_von_Distros.flv
congress/2003/20C3-633-Fnord_Jahresrueckschau.mp4
congress/2003/20C3-542-Trusted_or_Treacherous.mp4
congress/2003/20C3-574-Fragen_an_eine_maschinenlesbare_Regierung.flv
congress/2003/20C3-630-The_Quintessenz_biometrics_doqubase1.mp4
congress/2003/20C3-560-Soziale_Software.flv
congress/2003/20C3-630-The_Quintessenz_biometrics_doqubase1.flv
congress/2003/20C3-555-Eroeffnung.mp4
congress/2003/20C3-557-Ein_Rant_ueber_den_Missbrauch_von_Java_HTTP_und_XML.flv
congress/2003/20C3-624-Neue_Notrufnummern_fuer_die_Informationsgesellschaft.flv
congress/2003/20C3-537-WSIS_Overview.flv
congress/2003/20C3-591-Berichte_von_den_Big_Brother_Awards.flv
congress/2003/20C3-562-Der_Zettel_am_Bildschirm.mp4
congress/2003/20C3-644-Gute-Antennen-selber-bauen.mp4
congress/2003/20C3-610-Abschlussveranstaltung.mp4
congress/2003/20C3-603-Spam_Analyse.flv
congress/2003/20C3-591-Berichte_von_den_Big_Brother_Awards.mp4
congress/2003/20C3-637-Distributed_Computing.flv
congress/2003/20C3-577-Secure_Internet_live_conferencing_with_SILC.mp4
congress/2003/20C3-546-1024_bit_RSA_ist_unsicher.mp4
congress/2003/20C3-545-Abschlussveranstaltung_Lockpicking.flv
congress/2003/20C3-562-Der_Zettel_am_Bildschirm.flv
congress/2003/20C3-623-Softwarekunstprojekt_runme.org.flv
congress/2003/20C3-599-Softwarepatente.flv
congress/2003/20C3-600-RFID.mp4
congress/2003/20C3-611-Hacker_Jeopardy.flv
congress/2003/20C3-593-Weird_programming.mp4
congress/2003/20C3-623-Softwarekunstprojekt_runme.org.mp4
congress/2003/20C3-588-Schummeln_in_oeffentlichen-Projekten.mp4
congress/2003/20C3-609-Security_Nightmares_III.flv
congress/2003/20C3-611-Hacker_Jeopardy.mp4
congress/2003/20C3-538-Practical_WIN32_and_Unicode_exploitation.mp4
congress/2003/20C3-581-Chaos-Rueckblick-2003.flv
congress/2003/20C3-609-Security_Nightmares_III.mp4
congress/2003/20C3-589-AN.ON_and_the_future_of_anonymizers.mp4
congress/2003/20C3-600-RFID.flv
congress/2003/20C3-546-1024_bit_RSA_ist_unsicher.flv
congress/2003/20C3-574-Fragen_an_eine_maschinenlesbare_Regierung.mp4
congress/2003/20C3-550-ROCK-Linux_Das_Tool_zum_Erstellen_von_Distros.mp4
congress/2003/20C3-603-Spam_Analyse.mp4
congress/2003/20C3-588-Schummeln_in_oeffentlichen-Projekten.flv
congress/2003/20C3-557-Ein_Rant_ueber_den_Missbrauch_von_Java_HTTP_und_XML.mp4
congress/2003/20C3-599-Softwarepatente.mp4
congress/2003/20C3-555-Eroeffnung.flv
congress/2003/20C3-SkoleLinux.flv
congress/2003/20C3-576-Free_WLANs_for_the_masses.mp4
congress/2003/20C3-531-NOC_Preview.mp4
congress/2003/20C3-637-Distributed_Computing.mp4
congress/2003/old/20C3-537-WSIS_Overview.mp4
congress/2003/old/20C3-560-Soziale_Software.mp4
congress/2003/old/20C3-598-Trust_based_P2P_WYMIWYG_KnoBot_project.mp4
congress/2003/old/20C3-633-Fnord_Jahresrueckschau.mp4
congress/2003/old/20C3-542-Trusted_or_Treacherous.mp4
congress/2003/old/20C3-630-The_Quintessenz_biometrics_doqubase1.mp4
congress/2003/old/20C3-555-Eroeffnung.mp4
congress/2003/old/20C3-562-Der_Zettel_am_Bildschirm.mp4
congress/2003/old/20C3-644-Gute-Antennen-selber-bauen.mp4
congress/2003/old/20C3-610-Abschlussveranstaltung.mp4
congress/2003/old/20C3-591-Berichte_von_den_Big_Brother_Awards.mp4
congress/2003/old/20C3-577-Secure_Internet_live_conferencing_with_SILC.mp4
congress/2003/old/20C3-546-1024_bit_RSA_ist_unsicher.mp4
congress/2003/old/20C3-600-RFID.mp4
congress/2003/old/20C3-593-Weird_programming.mp4
congress/2003/old/20C3-623-Softwarekunstprojekt_runme.org.mp4
congress/2003/old/20C3-588-Schummeln_in_oeffentlichen-Projekten.mp4
congress/2003/old/20C3-611-Hacker_Jeopardy.mp4
congress/2003/old/20C3-538-Practical_WIN32_and_Unicode_exploitation.mp4
congress/2003/old/20C3-609-Security_Nightmares_III.mp4
congress/2003/old/20C3-589-AN.ON_and_the_future_of_anonymizers.mp4
congress/2003/old/20C3-574-Fragen_an_eine_maschinenlesbare_Regierung.mp4
congress/2003/old/20C3-550-ROCK-Linux_Das_Tool_zum_Erstellen_von_Distros.mp4
congress/2003/old/20C3-603-Spam_Analyse.mp4
congress/2003/old/20C3-557-Ein_Rant_ueber_den_Missbrauch_von_Java_HTTP_und_XML.mp4
congress/2003/old/20C3-599-Softwarepatente.mp4
congress/2003/old/20C3-576-Free_WLANs_for_the_masses.mp4
congress/2003/old/20C3-531-NOC_Preview.mp4
congress/2003/old/20C3-637-Distributed_Computing.mp4
congress/2003/old/20C3-653-Device_hacking_with_JTAG.mp4
congress/2003/old/20C3-545-Abschlussveranstaltung_Lockpicking.mp4
congress/2003/old/20C3-581-Chaos-Rueckblick-2003.mp4
congress/2003/old/20C3-624-Neue_Notrufnummern_fuer_die_Informationsgesellschaft.mp4
congress/2003/old/20C3-568-Data_mining_and_intelligence_software.mp4
congress/2003/old/20C3-SkoleLinux.mp4
congress/2003/20C3-598-Trust_based_P2P_WYMIWYG_KnoBot_project.flv
congress/2003/20C3-538-Practical_WIN32_and_Unicode_exploitation.flv
congress/2003/20C3-593-Weird_programming.flv
congress/2003/20C3-576-Free_WLANs_for_the_masses.flv
congress/2003/20C3-568-Data_mining_and_intelligence_software.flv
congress/2003/20C3-653-Device_hacking_with_JTAG.mp4
congress/2003/20C3-542-Trusted_or_Treacherous.flv
congress/2003/20C3-545-Abschlussveranstaltung_Lockpicking.mp4
congress/2003/20C3-633-Fnord_Jahresrueckschau.flv
congress/2003/20C3-581-Chaos-Rueckblick-2003.mp4
congress/2003/20C3-624-Neue_Notrufnummern_fuer_die_Informationsgesellschaft.mp4
congress/2003/20C3-577-Secure_Internet_live_conferencing_with_SILC.flv
congress/2003/20C3-644-Gute-Antennen-selber-bauen.flv
congress/2003/20C3-531-NOC_Preview.flv
congress/2003/20C3-589-AN.ON_and_the_future_of_anonymizers.flv
congress/2003/20C3-610-Abschlussveranstaltung.flv
congress/2003/20C3-568-Data_mining_and_intelligence_software.mp4
congress/2003/20C3-SkoleLinux.mp4
congress/2010/27c3-4141-de-hacker_jeopardy_aac.mp4
congress/2002/19C3-461-noc-review.mp4
congress/2002/19C3-443-how-to-find-anything-on-the-web.mp4
congress/2002/19C3-434-security-nightmares.mp4
congress/2002/19C3-382-quantenkryptographie.flv
congress/2002/19C3-366-tcpa.flv
congress/2002/19C3-415-biometrie.flv
congress/2002/19C3-402-network-hijacking-workshop.flv
congress/2002/19C3-449-smartcards-sosse.flv
congress/2002/19C3-478-ipv6.mp4
congress/2002/19C3-428-eroffnung.mp4
congress/2002/19C3-498-freedom-cpu.flv
congress/2002/19C3-494-x86_64-ia64-architecture.flv
congress/2002/19C3-400-ipv6-rapid-deployment.flv
congress/2002/19C3-517-eu-data-retention.mp4
congress/2002/19C3-489-big-brother-awards.flv
congress/2002/19C3-399-xbox-linux.mp4
congress/2002/19C3-448-zero-tool-hacking.mp4
congress/2002/19C3-382-quantenkryptographie.mp4
congress/2002/19C3-413-aes-attacks.flv
congress/2002/19C3-397-netbsd.mp4
congress/2002/19C3-432-sicherheit-zeitliche-dimension.mp4
congress/2002/19C3-479-eu-urheberrechtslinie.mp4
congress/2002/19C3-426-ec-karten-unsicherheit.mp4
congress/2002/19C3-413-aes-attacks.mp4
congress/2002/19C3-521-big-brother-awards-discussion.flv
congress/2002/19C3-460-isp-user-profiles.flv
congress/2002/19C3-435-ccc-jahresrueckblick.mp4
congress/2002/19C3-374-ccc-geschichte.mp4
congress/2002/19C3-392-codeflow-analyse.mp4
congress/2002/19C3-483-bsi-zertifizierung.flv
congress/2002/19C3-386-spam-prevention.mp4
congress/2002/19C3-441-radiokampagne.mp4
congress/2002/19C3-396-videorendering-cluster.mp4
congress/2002/19C3-435-ccc-jahresrueckblick.flv
congress/2002/19C3-495-sctp.flv
congress/2002/19C3-426-ec-karten-unsicherheit.flv
congress/2002/19C3-460-isp-user-profiles.mp4
congress/2002/19C3-491-distributed-computing.mp4
congress/2002/19C3-480-one-time-crypto.mp4
congress/2002/19C3-381-blinkenlights-arcade.flv
congress/2002/19C3-453-die-fuenf-pforten-der-manipulation.flv
congress/2002/19C3-440-pop-culture-and-media-hacking.flv
congress/2002/19C3-432-sicherheit-zeitliche-dimension.flv
congress/2002/19C3-445-forensik-schluesselspuren.flv
congress/2002/19C3-397-netbsd.flv
congress/2002/19C3-449-smartcards-sosse.mp4
congress/2002/19C3-402-network-hijacking-workshop.mp4
congress/2002/19C3-430-icann-status-quo.mp4
congress/2002/19C3-491-distributed-computing.flv
congress/2002/19C3-506-detecting-ddos-attacks.mp4
congress/2002/19C3-508-amateurfunk.mp4
congress/2002/19C3-409-call-center.flv
congress/2002/19C3-463-rsa-padding-angriffe.mp4
congress/2002/19C3-428-eroffnung.flv
congress/2002/19C3-479-eu-urheberrechtslinie.flv
congress/2002/19C3-480-one-time-crypto.flv
congress/2002/19C3-409-call-center.mp4
congress/2002/19C3-506-detecting-ddos-attacks.flv
congress/2002/19C3-415-biometrie.mp4
congress/2002/19C3-489-big-brother-awards.mp4
congress/2002/19C3-433-tcp-ip-fuer-anfaenger.flv
congress/2002/19C3-500-c-optimizations.flv
congress/2002/19C3-521-big-brother-awards-discussion.mp4
congress/2002/19C3-401-network-hijacking.flv
congress/2002/19C3-400-ipv6-rapid-deployment.mp4
congress/2002/19C3-448-zero-tool-hacking.flv
congress/2002/19C3-396-videorendering-cluster.flv
congress/2002/19C3-411-patent-party.mp4
congress/2002/19C3-430-icann-status-quo.flv
congress/2002/19C3-488-symbolics-lisp-machines.mp4
congress/2002/19C3-494-x86_64-ia64-architecture.mp4
congress/2002/19C3-500-c-optimizations.mp4
congress/2002/19C3-386-spam-prevention.flv
congress/2002/19C3-495-sctp.mp4
congress/2002/19C3-478-ipv6.flv
congress/2002/19C3-412-lockpicking.mp4
congress/2002/19C3-429-abschlussveranstaltung.mp4
congress/2002/19C3-498-freedom-cpu.mp4
congress/2002/19C3-442-lawful-interception-europe.flv
congress/2002/19C3-366-tcpa.mp4
congress/2002/19C3-464-stego-analyse.flv
congress/2002/19C3-443-how-to-find-anything-on-the-web.flv
congress/2002/19C3-442-lawful-interception-europe.mp4
congress/2002/19C3-440-pop-culture-and-media-hacking.mp4
congress/2002/19C3-445-forensik-schluesselspuren.mp4
congress/2002/19C3-483-bsi-zertifizierung.mp4
congress/2002/19C3-411-patent-party.flv
congress/2002/19C3-399-xbox-linux.flv
congress/2002/19C3-464-stego-analyse.mp4
congress/2002/19C3-461-noc-review.flv
congress/2002/19C3-488-symbolics-lisp-machines.flv
congress/2002/19C3-453-die-fuenf-pforten-der-manipulation.mp4
congress/2002/19C3-412-lockpicking.flv
congress/2002/19C3-381-blinkenlights-arcade.mp4
congress/2002/19C3-508-amateurfunk.flv
congress/2002/19C3-414-kuenstliche-unintelligenz.flv
congress/2002/19C3-517-eu-data-retention.flv
congress/2002/19C3-429-abschlussveranstaltung.flv
congress/2002/19C3-374-ccc-geschichte.flv
congress/2002/19C3-433-tcp-ip-fuer-anfaenger.mp4
congress/2002/19C3-392-codeflow-analyse.flv
congress/2002/19C3-414-kuenstliche-unintelligenz.mp4
congress/2002/19C3-441-radiokampagne.flv
congress/2002/19C3-401-network-hijacking.mp4
congress/2002/19C3-434-security-nightmares.flv
congress/2002/19C3-463-rsa-padding-angriffe.flv
congress/2002/19c3-aula-jahresrueckblick-435.flv
congress/2000/realmedia/17C3_illuminatus.flv
congress/2000/realmedia/17C3_AndyMM_WauHolland_Rueckblick.mp4
congress/2000/realmedia/17C3_illuminatus.mp4
congress/2000/realmedia/17C3_AndyMM_WauHolland_Rueckblick.flv
congress/2000/realmedia/17C3_AndyMM_WauHolland_intro.flv
congress/2000/realmedia/17C3_Movie_freedom_downtime_discussion.mp4
congress/2000/realmedia/17C3_bigbrother.flv
congress/2000/realmedia/17C3_bigbrother.mp4
congress/2000/realmedia/17C3_Movie_freedom_downtime_discussion.flv
congress/2007/24c3-2363-de-der_bundestrojaner_high.flv
congress/2007/24c3-2192-de-elektronische_dokumente_high.flv
congress/2007/24c3-2255-de-wahlchaos_high.flv
congress/2007/24c3-2322-en-infectious_diseases_high.mp4
congress/2007/24c3-2241-de-das_panoptische_prinzip_high.flv
congress/2007/24c3-2189-en-hidden_trojan_high.flv
congress/2007/24c3-2214-en-make_cool_things_with_microcontrollers_high.flv
congress/2007/24c3-2296-en-random_things_high.mp4
congress/2007/24c3-2260-en-to_be_or_i2p_high.mp4
congress/2007/24c3-2253-en-dining_cryptographers_high.flv
congress/2007/24c3-2346-de-meine_finger_gehoeren_mir_high.mp4
congress/2007/24c3-2245-en-how_to_reach_digital_sustainability_high.mp4
congress/2007/24c3-2272-en-hacking_in_the_age_of_declining_everything_high.mp4
congress/2007/24c3-2342-en-it_was_a_bad_idea_anyway_high.mp4
congress/2007/24c3-2331-en-spotter_guide_to_aacs_keys_high.mp4
congress/2007/24c3-2166-en-embedded_devices_reverse_engineering_high.mp4
congress/2007/24c3-2326-en-diy_survival_high.flv
congress/2007/24c3-2360-en-all_tomorrows_high.mp4
congress/2007/24c3-2382-de-tor_high.mp4
congress/2007/24c3-2233-en-vx_high.flv
congress/2007/24c3-2340-de-absurde_mathematik_high.flv
congress/2007/24c3-2318-en-cybercrime20_high.flv
congress/2007/24c3-2347-en-c64_dtv_hacking_high.flv
congress/2007/24c3-2363-de-der_bundestrojaner_high.mp4
congress/2007/24c3-2355-de-trecker_fahrn_high.flv
congress/2007/24c3-2352-de-hacker_jeopardy_high.mp4
congress/2007/24c3-2294-de-23_ways_to_fight_for_your_rights_high.flv
congress/2007/24c3-2325-en-current_events_in_tor_development_high.mp4
congress/2007/24c3-2209-en-playstation_portable_cracking_high.flv
congress/2007/24c3-2213-de-getting_things_done_high.mp4
congress/2007/24c3-2227-en-hacking_scada_high.mp4
congress/2007/24c3-2272-en-hacking_in_the_age_of_declining_everything_high.flv
congress/2007/24c3-2248-de-desperate_house_hackers_high.mp4
congress/2007/24c3-2286-en-openstreetmap_high.flv
congress/2007/24c3-2360-en-all_tomorrows_high.flv
congress/2007/24c3-2296-en-random_things_high.flv
congress/2007/24c3-2321-en-d_libd_and_the_slate_project_high.mp4
congress/2007/24c3-2354-en-latest_trends_in_oracle_security_high.mp4
congress/2007/24c3-2303-en-inside_the_macosx_kernel_high.mp4
congress/2007/24c3-2367-en-closing_event_high.mp4
congress/2007/24c3-2345-de-gplv3_auswirkungen_high.mp4
congress/2007/24c3-2378-en-mifare_security_high.flv
congress/2007/24c3-2358-en-guerilla_knitting_high.mp4
congress/2007/24c3-2292-en-wireless_kernel_tweaking_high.mp4
congress/2007/24c3-2387-en-open_source_lobbying_high.mp4
congress/2007/24c3-2203-de-chaos_jahresrueckblick_high.flv
congress/2007/24c3-2256-de-openser_sip_server_high.mp4
congress/2007/24c3-2241-de-das_panoptische_prinzip_high.mp4
congress/2007/24c3-2389-en-hacking_icann_high.mp4
congress/2007/24c3-2284-en-linguistic_hacking_high.flv
congress/2007/24c3-2189-en-hidden_trojan_high.mp4
congress/2007/24c3-2290-en-overtaking_proprietary_software_high.flv
congress/2007/24c3-2322-en-infectious_diseases_high.flv
congress/2007/24c3-2303-en-inside_the_macosx_kernel_high.flv
congress/2007/24c3-2252-en-ruby_on_rails_security_high.mp4
congress/2007/24c3-2396-en-eu_rfid_policy_high.mp4
congress/2007/24c3-2288-de-verschwoerungstheorien_high.flv
congress/2007/24c3-2289-en-card_payment_high.mp4
congress/2007/24c3-2258-en-design_noir_high.mp4
congress/2007/24c3-2287-de-sex20_high.flv
congress/2007/24c3-2356-en-computer_popsongs_high.mp4
congress/2007/24c3-2364-en-smartcard_protocol_sniffing_high.mp4
congress/2007/24c3-2258-en-design_noir_high.flv
congress/2007/24c3-2354-en-latest_trends_in_oracle_security_high.flv
congress/2007/24c3-2383-en-data_retention_high.flv
congress/2007/24c3-2166-en-embedded_devices_reverse_engineering_high.flv
congress/2007/24c3-2235-en-one_token_to_rule_them_all_high.mp4
congress/2007/24c3-2280-en-i_know_who_you_clicked_last_summer_high.flv
congress/2007/24c3-2334-de-die_wahrheit_und_was_wirklich_passierte_high.mp4
congress/2007/24c3-2381-en-what_is_terrorism_high.flv
congress/2007/24c3-2276-en-space_communism_high.flv
congress/2007/24c3-2213-de-getting_things_done_high.flv
congress/2007/24c3-2209-en-playstation_portable_cracking_high.mp4
congress/2007/24c3-2402-en-lightning_talks_2007_day_4_high.mp4
congress/2007/24c3-2381-en-what_is_terrorism_high.mp4
congress/2007/24c3-2347-en-c64_dtv_hacking_high.mp4
congress/2007/24c3-2353-en-from_ring_zero_to_uid_zero_high.flv
congress/2007/24c3-2329-en-change_me_high.mp4
congress/2007/24c3-2293-en-what_can_we_do_to_counter_the_spies_high.mp4
congress/2007/24c3-2289-en-card_payment_high.flv
congress/2007/24c3-2273-en-toying_with_barcodes_high.flv
congress/2007/24c3-2225-en-paparazzi_high.mp4
congress/2007/24c3-2212-en-unusual_web_bugs_high.mp4
congress/2007/24c3-2378-en-mifare_security_high.mp4
congress/2007/24c3-2325-en-current_events_in_tor_development_high.flv
congress/2007/24c3-2382-de-tor_high.flv
congress/2007/24c3-2389-en-hacking_icann_high.flv
congress/2007/24c3-2321-en-d_libd_and_the_slate_project_high.flv
congress/2007/24c3-2331-en-spotter_guide_to_aacs_keys_high.flv
congress/2007/24c3-2250-de-abschlussbericht_fem_high.flv
congress/2007/24c3-2155-en-universe_on_supercomputers_high.mp4
congress/2007/24c3-2353-en-from_ring_zero_to_uid_zero_high.mp4
congress/2007/24c3-2332-en-no_ooxml_high.mp4
congress/2007/24c3-2279-en-deconstructing_xbox_360_security_high.flv
congress/2007/24c3-2131-en-port_scanning_improved_high.mp4
congress/2007/24c3-2227-en-hacking_scada_high.flv
congress/2007/24c3-2352-de-hacker_jeopardy_high.flv
congress/2007/24c3-2228-de-lieber_cyborg_als_goettin_high.flv
congress/2007/24c3-2333-de-spiel_freude_eierkuchen_high.mp4
congress/2007/24c3-2329-en-change_me_high.flv
congress/2007/24c3-2203-de-chaos_jahresrueckblick_high.mp4
congress/2007/24c3-2287-de-sex20_high.mp4
congress/2007/24c3-2333-de-spiel_freude_eierkuchen_high.flv
congress/2007/24c3-2271-en-distributed_campaigns_high.flv
congress/2007/24c3-2235-en-one_token_to_rule_them_all_high.flv
congress/2007/24c3-2276-en-space_communism_high.mp4
congress/2007/24c3-2338-en-steam_powered_telegraphy_high.flv
congress/2007/24c3-2212-en-unusual_web_bugs_high.flv
congress/2007/24c3-2288-de-verschwoerungstheorien_high.mp4
congress/2007/24c3-2256-de-openser_sip_server_high.flv
congress/2007/24c3-2271-en-distributed_campaigns_high.mp4
congress/2007/24c3-2393-en-dns_rebinding_packet_tricks_high.mp4
congress/2007/24c3-2158-en-the_arctic_cold_war_high.mp4
congress/2007/24c3-2311-en-hacking_ideologies_2_high.mp4
congress/2007/24c3-2284-en-linguistic_hacking_high.mp4
congress/2007/24c3-2346-de-meine_finger_gehoeren_mir_high.flv
congress/2007/24c3-2355-de-trecker_fahrn_high.mp4
congress/2007/24c3-2270-en-sputnik_data_analysis_high.flv
congress/2007/24c3-2248-de-desperate_house_hackers_high.flv
congress/2007/24c3-2293-en-what_can_we_do_to_counter_the_spies_high.flv
congress/2007/24c3-2260-en-to_be_or_i2p_high.flv
congress/2007/24c3-2225-en-paparazzi_high.flv
congress/2007/24c3-2158-en-the_arctic_cold_war_high.flv
congress/2007/24c3-2364-en-smartcard_protocol_sniffing_high.flv
congress/2007/24c3-2367-en-closing_event_high.flv
congress/2007/24c3-2294-de-23_ways_to_fight_for_your_rights_high.mp4
congress/2007/24c3-2342-en-it_was_a_bad_idea_anyway_high.flv
congress/2007/24c3-2336-de-security_nightmares_high.flv
congress/2007/24c3-2387-en-open_source_lobbying_high.flv
congress/2007/24c3-2345-de-gplv3_auswirkungen_high.flv
congress/2007/24c3-2371-de-wahlstift_high.flv
congress/2007/24c3-2285-en-10ge_monitoring_live_high.flv
congress/2007/24c3-2380-de-nedap_wahlcomputer_in_deutschland_high.flv
congress/2007/24c3-2250-de-abschlussbericht_fem_high.mp4
congress/2007/24c3-2190-en-introduction_in_mems_high.mp4
congress/2007/24c3-2396-en-eu_rfid_policy_high.flv
congress/2007/24c3-2247-en-breaking_a_vm_high.mp4
congress/2007/24c3-2216-de-erlang_high.flv
congress/2007/24c3-2190-en-introduction_in_mems_high.flv
congress/2007/24c3-2326-en-diy_survival_high.mp4
congress/2007/24c3-2280-en-i_know_who_you_clicked_last_summer_high.mp4
congress/2007/24c3-2155-en-universe_on_supercomputers_high.flv
congress/2007/24c3-2338-en-steam_powered_telegraphy_high.mp4
congress/2007/24c3-2344-de-grundlagen_der_sicheren_programmierung_high.flv
congress/2007/24c3-2245-en-how_to_reach_digital_sustainability_high.flv
congress/2007/24c3-2402-en-lightning_talks_2007_day_4_high.flv
congress/2007/24c3-2311-en-hacking_ideologies_2_high.flv
congress/2007/24c3-2380-de-nedap_wahlcomputer_in_deutschland_high.mp4
congress/2007/24c3-2334-de-die_wahrheit_und_was_wirklich_passierte_high.flv
congress/2007/24c3-2275-en-quantum_cryptography_and_possible_attacks_high.flv
congress/2007/24c3-2131-en-port_scanning_improved_high.flv
congress/2007/24c3-2286-en-openstreetmap_high.mp4
congress/2007/24c3-2233-en-vx_high.mp4
congress/2007/24c3-2285-en-10ge_monitoring_live_high.mp4
congress/2007/24c3-2356-en-computer_popsongs_high.flv
congress/2007/24c3-2292-en-wireless_kernel_tweaking_high.flv
congress/2007/24c3-2279-en-deconstructing_xbox_360_security_high.mp4
congress/2007/24c3-2228-de-lieber_cyborg_als_goettin_high.mp4
congress/2007/24c3-2290-en-overtaking_proprietary_software_high.mp4
congress/2007/24c3-2358-en-guerilla_knitting_high.flv
congress/2007/24c3-2253-en-dining_cryptographers_high.mp4
congress/2007/24c3-2275-en-quantum_cryptography_and_possible_attacks_high.mp4
congress/2007/24c3-2214-en-make_cool_things_with_microcontrollers_high.mp4
congress/2007/24c3-2192-de-elektronische_dokumente_high.mp4
congress/2007/24c3-2393-en-dns_rebinding_packet_tricks_high.flv
congress/2007/24c3-2340-de-absurde_mathematik_high.mp4
congress/2007/24c3-2371-de-wahlstift_high.mp4
congress/2007/24c3-2247-en-breaking_a_vm_high.flv
congress/2007/24c3-2270-en-sputnik_data_analysis_high.mp4
congress/2007/24c3-2383-en-data_retention_high.mp4
congress/2007/24c3-2344-de-grundlagen_der_sicheren_programmierung_high.mp4
congress/2007/24c3-2252-en-ruby_on_rails_security_high.flv
congress/2007/24c3-2336-de-security_nightmares_high.mp4
congress/2007/24c3-2216-de-erlang_high.mp4
congress/2007/24c3-2255-de-wahlchaos_high.mp4
congress/2007/24c3-2332-en-no_ooxml_high.flv
congress/2006/23C3-1640-en-10ge_monitoring_system.flv
congress/2006/23C3-1678-de-kritik_an_den_illuminaten.flv
congress/2006/23C3-1642-en-unlocking_filevault.flv
congress/2006/23C3-1714-de-warum_wir_uns_so_gerne_ueberwachen_lassen.flv
congress/2006/23C3-1728-en-23c3_network_review.flv
congress/2006/23C3-1537-en-know_your_citizens.flv
congress/2006/23C3-1452-de-critical_theory_and_chaos.flv
congress/2006/23C3-1461-en-the_grim_meathook_future.flv
congress/2006/23C3-1429-de-fnord_jahresrueckblick.flv
congress/2006/23C3-1670-de-barrierefreies_web.flv
congress/2006/23C3-1422-en-pornography_and_technology.flv
congress/2006/23C3-1652-de-geschichte_der_automaten.flv
congress/2006/23C3-1517-en-lightning_talks_day_4.flv
congress/2006/23C3-1655-de-elektronische_reisedokumente.flv
congress/2006/23C3-1516-en-lightning_talks_day_3.flv
congress/2006/23C3-1701-en-open_source_machine_translation.flv
congress/2006/23C3-1736-en-project_sputnik.flv
congress/2006/23C3-1346-de-sie_haben_das_recht_zu_schweigen.flv
congress/2006/23C3-1459-en-sip_security.flv
congress/2006/23C3-1554-de-ethernet_mit_mikrocontrollern.flv
congress/2006/23C3-1710-en-tap_the_eff.flv
congress/2006/23C3-1576-en-rfid_hacking.flv
congress/2006/23C3-1566-en-openpcd_openpicc.flv
congress/2006/23C3-1619-en-introduction_to_matrix_programming.flv
congress/2006/23C3-1713-en-black_ops_2006.flv
congress/2006/23C3-1495-en-green_phone.flv
congress/2006/23C3-1709-en-revenge_of_the_female_nerds.flv
congress/2006/23C3-1738-en-mmorpgs.flv
congress/2006/23C3-1656-en-dylan_network_security.flv
congress/2006/23C3-1699-en-drm_comes_to_european_digital_tv.flv
congress/2006/23C3-1419-de-java_wird_groovy.flv
congress/2006/23C3-1658-en-bignum_arithmetic.flv
congress/2006/23C3-1616-de-nerds_und_geeks.flv
congress/2006/23C3-1505-de-gaeste_ueberwachung.flv
congress/2006/23C3-1493-de-virtuelle_sicherheit.flv
congress/2006/23C3-1593-de-krypta.flv
congress/2006/23C3-1543-de-kollaboratives_wissenmanagement.flv
congress/2006/23C3-1523-en-the_rise_and_fall_of_open_source.flv
congress/2006/23C3-1433-en-design_a_decent_user_interface.flv
congress/2006/23C3-1644-en-sflow.flv
congress/2006/23C3-1727-en-closing_ceremony.flv
congress/2006/23C3-1487-de-ccc_jahresrueckblick.flv
congress/2006/23C3-1515-en-lightning_talks_day_2.flv
congress/2006/23C3-1513-en-detecting_temperature_through_clock_skew.flv
congress/2006/23C3-1758-en-fuzzing_corporate_world.flv
congress/2006/23C3-1679-de-ueberwachungsdruck.flv
congress/2006/23C3-1607-de-probabilistic_trust_model_for_gnupg.flv
congress/2006/23C3-1502-en-the_gift_of_sharing.flv
congress/2006/23C3-1578-de-hacking_fingerprint_recognition_systems.flv
congress/2006/23C3-1682-de-security_nightmares.flv
congress/2006/23C3-1634-en-how_to_squeeze_more_performance_out_of_your_wifi.flv
congress/2006/23C3-1700-en-router_and_infrastructure_hacking.flv
congress/2006/23C3-1600-en-biometrics.flv
congress/2006/23C3-1724-en-transparency_and_privacy.flv
congress/2006/23C3-1592-en-inside_vmware.flv
congress/2006/23C3-1423-en-we_dont_trust_voting_computers.flv
congress/2006/23C3-1667-de-jabber_showcase.flv
congress/2006/23C3-1760-en-on_free.flv
congress/2006/23C3-1698-en-culture_jamming_discordianism.flv
congress/2006/23C3-1420-en-strong_random_number_generator.flv
congress/2006/23C3-1514-en-lightning_talks_day_1.flv
congress/2006/23C3-1439-en-information_operations.flv
congress/2006/23C3-1457-en-credit_card_security.flv
congress/2006/23C3-1694-en-automated_exploit_detection_in_binaries.flv
congress/2006/23C3-1683-de-powerpoint_karaoke.flv
congress/2006/23C3-1688-en-rootkits_as_reversing_tools.flv
congress/2006/23C3-1492-en-dying_giraffe_recordings.flv
congress/2006/23C3-1646-en-dvb_t.flv
congress/2006/23C3-1552-en-nintendo_ds.flv
congress/2006/23C3-1596-en-openxpki.flv
congress/2006/23C3-1500-en-hackerspaces.flv
congress/2006/23C3-1597-en-hackers_toolkit_for_rfid_emulation_and_jamming.flv
congress/2006/23C3-1494-de-ego_striptease.flv
congress/2006/23C3-1602-en-subverting_ajax.flv
congress/2006/23C3-1611-en-privacy_identity_and_anonymity_in_web_20.flv
congress/2006/23C3-1609-en-data_retention_update.flv
congress/2006/23C3-1680-de-neues_gesetzliches_verbot_des_hackings.flv
congress/2006/23C3-1568-en-json_rpc.flv
congress/2006/23C3-1446-en-secure_network_server_programming_on_unix.flv
congress/2006/23C3-1721-en-software_protection_and_the_tpm.flv
congress/2006/23C3-1473-en-large_scale_internet_content_filtering.flv
congress/2006/23C3-1257-en-podjournalism.flv
congress/2006/23C3-1498-en-mining_aol_search_queries.flv
congress/2006/23C3-1449-en-not_so_smart_card.flv
congress/2006/23C3-1567-en-hacker_jeopardy.flv
congress/2006/23C3-1610-en-fudging_with_firmware.flv
congress/2006/23C3-1622-en-void_the_warranty.flv
congress/2006/23C3-1402-de-drones.flv
congress/2006/23C3-1560-en-csrf.flv
congress/2006/23C3-1638-de-freie_software.flv
congress/2006/23C3-1545-en-advanced_attacks_against_pocketpc_phones.flv
congress/2006/23C3-1708-en-tv_b_gone.flv
congress/2006/23C3-1342-en-botnet_detection.flv
congress/2006/23C3-1651-de-ueberwachen_und_strafen_in_entenhausen.flv
congress/2006/23C3-1692-en-hacking_the_electoral_law.flv
congress/2006/23C3-1454-en-natural_language_database_interface.flv
congress/2006/23C3-1685-de-go_menschen.flv
congress/2006/23C3-1759-de-schlossoeffnung_staatssicherheit.flv
congress/2006/23C3-1606-en-console_hacking_2006.flv
congress/2006/23C3-1627-en-software_reliability.flv
congress/2006/23C3-1629-en-body_hacking.flv
congress/2006/23C3-1555-de-konrad_zuse_der_rechnende_raum.flv
congress/2006/23C3-1608-en-vehicular_communication_and_vanets.flv
congress/2006/23C3-1456-en-unusual_bugs.flv
congress/2006/23C3-1373-en-hacker_foundation.flv
congress/2006/23C3-1416-de-wlan_schwarzsurfen_und_das_recht.flv
congress/2006/23C3-1604-de-tracking_von_personen_in_videoszenen.flv
congress/2006/23C3-1540-de-learn_to_be_honest.flv
congress/2006/23C3-1418-de-trust_your_eyes.flv
congress/2006/23C3-1603-en-foss_in_india.flv
congress/2006/23C3-1520-en-counter_development.flv
congress/2006/23C3-1563-en-funkerspuk.flv
congress/2006/23C3-1347-en-we_are_great_together.flv
congress/2006/23C3-1605-de-digitale_bildforensik.flv
congress/2006/23C3-1478-en-traffic_analysis.flv
congress/2006/23C3-1733-en-bluetooth_hacking_revisited.flv
congress/2006/23C3-1735-en-faster_pwning_assured.flv
congress/2006/23C3-1381-en-stealth_malware.flv
congress/2006/23C3-1256-en-who_can_you_trust.flv
congress/2006/23C3-1561-de-big_brother_awards.flv
congress/2006/23C3-1740-en-in_the_absence_of_trust.flv
congress/2006/23C3-1663-de-tracking_goods_and_tracing_people.flv
congress/2006/23C3-1444-en-tor_and_china.flv
congress/2006/23C3-1512-de-homegrown_interactive_tables.flv
congress/2001/creative/18c3_final_divx.mp4
congress/2001/creative/18c3_final_divx.flv
congress/2001/video/vortraege/tag2/saal2/Blinkenlights_isdn.mp4
congress/2001/video/vortraege/tag2/saal2/Blinkenlights_isdn.flv
congress/2005/22C3-567-en-3g_investigations.flv
congress/2005/22C3-479-en-fair_code.flv
congress/2005/22C3-580-en-wartracking.flv
congress/2005/22C3-532-de-lyrical_i.flv
congress/2005/22C3-585-en-agile_business_and_eu_funding.flv
congress/2005/22C3-466-en-hacking_data_retention.flv
congress/2005/22C3-390-en-private_investigations.flv
congress/2005/22C3-470-en-wsis_review.flv
congress/2005/22C3-1094-de-biop_2_studie.flv
congress/2005/22C3-491-en-advanced_buffer_overflow_methods.flv
congress/2005/22C3-1078-en-wifi_long_shots.flv
congress/2005/22C3-464-en-working_memory_mental_imagery.flv
congress/2005/22C3-1099-en-hacking_openwrt.flv
congress/2005/22C3-603-de-hacking_tomtom_go.flv
congress/2005/22C3-1083-en-informational_cognitive_capitalism.flv
congress/2005/22C3-405-en-cybercrime_convention.flv
congress/2005/22C3-1104-en-search_oracle_society.flv
congress/2005/22C3-473-en-privaterra.flv
congress/2005/22C3-426-de-entschwoerungstheorie.flv
congress/2005/22C3-1147-en-the_realtime_podcast.flv
congress/2005/22C3-1109-de-linux_fuer_blinde_und_sehbehinderte.flv
congress/2005/22C3-550-de-epass_und_biop2.flv
congress/2005/22C3-1112-en-modern_disk_encryption.flv
congress/2005/22C3-591-en-european_it_lobbying.flv
congress/2005/22C3-490-de-data_mining_weltfrieden.flv
congress/2005/22C3-559-en-xbox_hacking.flv
congress/2005/22C3-798-en-tcpip_covert_channels.flv
congress/2005/22C3-800-en-better_code.flv
congress/2005/22C3-1139-en-complete_harddisk_encryption_with_freebsd.flv
congress/2005/22C3-1134-en-the_silent_decline_of_public_control.flv
congress/2005/22C3-505-en-collateral_damage.flv
congress/2005/22C3-1102-en-message_generation_at_the_info_layer.flv
congress/2005/22C3-482-de-atmel_avr_for_dummies.flv
congress/2005/22C3-569-en-lojban.flv
congress/2005/22C3-408-en-private_investigations_in_searching.flv
congress/2005/22C3-571-en-understanding_buffer_overflow_exploitation.flv
congress/2005/22C3-568-en-eu_data_retention_proposals.flv
congress/2005/22C3-601-de-fnord_jahresrueckblick.flv
congress/2005/22C3-596-en-blackberry.flv
congress/2005/22C3-598-de-literarisches_code_quartett.flv
congress/2005/22C3-781-en-bad_trips.flv
congress/2005/22C3-772-en-attacking_ipv6.flv
congress/2005/22C3-790-de-nerds_kochen.flv
congress/2005/22C3-828-en-terminator_genes_and_gurt.flv
congress/2005/22C3-888-de-digitale_buergerrechte_in_europa.flv
congress/2005/22C3-543-en-i_see_airplanes.flv
congress/2005/22C3-489-en-hacking_health.flv
congress/2005/22C3-531-en-hopalong_casualty.flv
congress/2005/22C3-588-en-robots_for_fun_and_research.flv
congress/2005/22C3-926-en-disassembler_internals.flv
congress/2005/22C3-1111-de-hexenbesen_und_heiliger_gral.flv
congress/2005/22C3-572-en-fuzzy_democracy.flv
congress/2005/22C3-915-en-lightning_talk_day_4.flv
congress/2005/22C3-913-en-lightning_talk_day_3.flv
congress/2005/22C3-1132-de-sony_rootkit.flv
congress/2005/22C3-785-de-anon_tor_jap.flv
congress/2005/22C3-605-de-hacking_cctv.flv
congress/2005/22C3-931-en-changing_realities.flv
congress/2005/22C3-599-en-seaside_squeak.flv
congress/2005/22C3-602-en-protocols_services_embedded_devices.flv
congress/2005/22C3-933-en-w3c_mobil_css_multimodal.flv
congress/2005/22C3-788-en-the_future_of_virtualization.flv
congress/2005/22C3-536-en-bluetooth_hacking.flv
congress/2005/22C3-575-en-the_realtime_thing.flv
congress/2005/22C3-549-en-digital_identity.flv
congress/2005/22C3-461-en-peer_to_peer_under_the_hood.flv
congress/2005/22C3-768-en-free_software_gsm_phone.flv
congress/2005/22C3-1148-de-sicherheitueberwachung.flv
congress/2005/22C3-589-en-anonymous_data_broadcasting.flv
congress/2005/22C3-495-de-hash_trust_compute.flv
congress/2005/22C3-492-en-freenet_new_version.flv
congress/2005/22C3-920-en-we_lost_the_war.flv
congress/2005/22C3-417-en-learning_js_with_google_maps.flv
congress/2005/22C3-911-en-lightning_talk_day_1.flv
congress/2005/22C3-864-de-das_geheimnis_reloaded.flv
congress/2005/22C3-778-de-zauberhafte_naturwissenschaften.flv
congress/2005/22C3-478-en-desaster_areas.flv
congress/2005/22C3-496-en-22c3_network.flv
congress/2005/22C3-424-en-the_very_early_computer_game_history.flv
congress/2005/22C3-498-de-paper_prototyping_workshop.flv
congress/2005/22C3-1295-en-future_challenges.flv
congress/2005/22C3-415-en-developing_intelligent_search_engines.flv
congress/2005/22C3-562-en-the_right_track.flv
congress/2005/22C3-558-de-erste_hilfe_fuer_nerds_und_geeks.flv
congress/2005/22C3-1098-en-internet_voting_in_estonia.flv
congress/2005/22C3-336-en-nanotechnology.flv
congress/2005/22C3-418-en-ajax_web_applications.flv
congress/2005/22C3-511-de-videoueberwachung_hochschulen.flv
congress/2005/22C3-789-en-hacker_jeopardy.flv
congress/2005/22C3-593-en-software_patenting.flv
congress/2005/22C3-530-en-seccode.flv
congress/2005/22C3-1101-en-the_grey_commons.flv
congress/2005/22C3-407-en-evocell.flv
congress/2005/22C3-1108-en-black_ops_of_tcp_ip.flv
congress/2005/22C3-782-de-urheberrecht.flv
congress/2005/22C3-535-en-old_skewl_hacking.flv
congress/2005/22C3-503-de-esperanto.flv
congress/2005/22C3-561-en-intrusion_detection_systems.flv
congress/2005/22C3-801-en-vulnerability_markets.flv
congress/2005/22C3-517-en-free_software_and_anarchism.flv
congress/2005/22C3-429-en-w3c_web.flv
congress/2005/22C3-519-en-the_cell_processor.flv
congress/2005/22C3-1085-en-technological_art.flv
congress/2005/22C3-1103-en-community_mesh_networking.flv
congress/2005/22C3-1084-de-informationsfreiheitsgesetz.flv
congress/2005/22C3-545-en-web_of_trust.flv
congress/2005/22C3-553-en-syscall_proxying.flv
congress/2005/22C3-574-en-memory_allocator_security.flv
congress/2005/22C3-521-de-transparenz_der_verantwortung_in_behoerden.flv
congress/2005/22C3-882-de-biometrics_in_science_fiction.flv
congress/2005/22C3-600-de-security_nightmares.flv
congress/2005/22C3-428-en-hacking_challenge.flv
congress/2005/22C3-556-en-preventing_buffer_overflows.flv
congress/2005/22C3-469-en-learning_cryptography.flv
congress/2005/22C3-508-en-media_system_deployment.flv
congress/2005/22C3-791-de-big_brother_awards.flv
congress/2005/22C3-513-en-military_intelligence.flv
congress/2005/22C3-544-en-applied_machine_learning.flv
congress/2005/22C3-577-de-voip_2005_regulierte_revolution.flv
congress/2005/22C3-867-de-have_you_hugged_your_mac_today.flv
congress/2005/22C3-516-de-was_ist_technisches_wissen.flv
congress/2005/22C3-765-en-magnetic_stripe_technology.flv
congress/2005/22C3-1077-en-quantum_entanglement.flv
congress/2005/22C3-912-en-lightning_talk_day_2.flv
congress/2005/22C3-504-en-data_retention.flv
congress/2005/22C3-499-en-access_to_knowledge.flv
congress/2005/22C3-586-en-pypy.flv
congress/2005/22C3-423-en-corp_vs_corp.flv
congress/2005/22C3-427-de-wargames_hacker_spielen.flv
congress/2005/22C3-871-en-honeymonkeys.flv
congress/2005/22C3-483-de-ccc_jahresrueckblick.flv
congress/2005/22C3-520-de-geometrie_ohne_punkte.flv
congress/2005/22C3-537-en-fuzzing.flv
congress/2005/22C3-565-en-voiphreaking.flv
congress/2005/22C3-529-en-muxtcp.flv
congress/2005/22C3-769-en-rfid_protocols.flv
congress/2005/22C3-776-en-closing_event.flv
congress/2005/22C3-468-en-lawful_interception_of_voip_networks.flv
congress/2005/22C3-606-en-autodafe.flv
congress/2005/22C3-563-en-real_life_bug_finding_in_win32.flv
congress/2005/22C3-546-de-gesundheitskarte.flv
.delete/CCC-e11_DVD.flv
.delete/CCC-e23_DVD.flv
.delete/CCC-e17_DVD.flv
.delete/CCC-e09_DVD.flv
.delete/CCC-e20_DVD.flv
events/gpn10/gpn10-ikea-hacking.mp4
events/gpn10/gpn10-introduction-to-democoding.mp4
events/gpn10/gpn10-rfid-subwayticket-art.mp4
events/gpn10/gpn10-loeve-tunes.mp4
events/gpn10/gpn10-modding-in-game-engines.mp4
events/gpn10/gpn10-my-very-own-cms.mp4
events/gpn10/gpn10-demoshow.mp4
events/gpn10/gpn10-esperanto.mp4
events/gpn10/gpn10-beans-machines-godshots.mp4
events/gpn10/gpn10-bashing-windows.mp4
events/gpn10/gpn10-modernes-opengl.mp4
events/gpn10/gpn10-nerdball.mp4
events/gpn10/gpn10-lightning-talks.mp4
events/gpn10/gpn10-rlisp.mp4
events/gpn10/gpn10-gulaschbytes.mp4
events/gpn10/gpn10-monaden.mp4
events/gpn10/gpn10-lojban.mp4
events/gpn10/gpn10-appcontrol.mp4
events/gpn10/gpn10-chips-abrubbeln.mp4
events/gpn10/gpn10-selbstversuch-selbstauskunft.mp4
events/Trusted_Computing/TrustedComputing_LAFKON_Xvid.mp4
events/Trusted_Computing/TrustedComputing_LAFKON_Xvid.flv
events/Panoptische_Prinzip/DasPanoptischePrinzip_-_SSS3-Endlich_Wieder.flv
events/Panoptische_Prinzip/DasPanoptischePrinzip_-_The_Final_Cut.flv
events/Panoptische_Prinzip/DasPanoptischePrinzip_-_My_First_Control_Kit.flv
events/Panoptische_Prinzip/DasPanoptischePrinzip_-_Photo_Apparatchik_Recollective.flv
events/Panoptische_Prinzip/DasPanoptischePrinzip_-_Planet_Unter_Beobachtung.flv
events/Panoptische_Prinzip/DasPanoptischePrinzip_-_Spielplatz.flv
events/Panoptische_Prinzip/DasPanoptischePrinzip_-_Datenmuell.flv
events/Panoptische_Prinzip/DasPanoptischePrinzip_-_SSS1-Promotion.flv
events/Panoptische_Prinzip/DasPanoptischePrinzip_-_Observation.flv
events/Panoptische_Prinzip/DasPanoptischePrinzip_-_Kein_Empfang.flv
events/Panoptische_Prinzip/DasPanoptischePrinzip_-_Im_Wald_Nur_Baeume.flv
events/Panoptische_Prinzip/DasPanoptischePrinzip_-_Panopticum.flv
events/Panoptische_Prinzip/DasPanoptischePrinzip_-_Premiumtarif.flv
events/Panoptische_Prinzip/DasPanoptischePrinzip_-_Gewinn_Mich.flv
events/Panoptische_Prinzip/DasPanoptischePrinzip_-_Ein_Eurojob.flv
events/Panoptische_Prinzip/DasPanoptischePrinzip_-_Wer_Ueberwacht_Den_Waechter.flv
events/Panoptische_Prinzip/DasPanoptischePrinzip_-_Sortiermaschine.flv
events/Panoptische_Prinzip/DasPanoptischePrinzip_-_Mein_Liebes_Kind.flv
events/Panoptische_Prinzip/DasPanoptischePrinzip_-_SSS2-Lounge.flv
events/Panoptische_Prinzip/DasPanoptischePrinzip_-_Surveillance_Overload.flv
events/Panoptische_Prinzip/DasPanoptischePrinzip_-_Inurl_View_shtml.flv
events/Netzzensur_Demo/CCC_Demo_Duesseldorf_April_2002_Ueberblick_divx.flv
events/Netzzensur_Demo/CCC_Demo_Duesseldorf_April_2002_AndyMM_divx.flv
events/Fingerabdruck_Hack/fingerabdr-preview.mp4
events/Fingerabdruck_Hack/fingerabdr-preview.flv
events/Fingerabdruck_Hack/fingerabdruck.flv
events/Fingerabdruck_Hack/fingerabdruck.mp4
events/Freiheit_statt_Angst_Demo/polizeieinsatz.mp4
events/Freiheit_statt_Angst_Demo/20090912-MVI_1910.mp4
conferences/camp2007/files/der_richtige_weg_in_die_zukunft.mp4
conferences/camp2007/files/der_richtige_weg_in_die_zukunft.flv
conferences/camp2003/Dokumentation_CamP2003/day_2/tent_B/Camp_2003 -601 Homegrown WaveLan antennas.flv
conferences/camp2003/Dokumentation_CamP2003/day_2/tent_B/Camp_2003 -538 writing plug-ins for the GIMP.flv
conferences/camp2003/Dokumentation_CamP2003/day_2/tent_B/Camp_2003 -558 Bluetooth Tracker.flv
conferences/camp2003/Dokumentation_CamP2003/day_2/tent_B/Camp_2003 -547 Nazi ufos and other reality.flv
conferences/camp2003/Dokumentation_CamP2003/day_2/tent_B/Camp_2003 -537 Using the GIMP.flv
conferences/camp2003/Dokumentation_CamP2003/day_2/tent_B/Camp_2003 -610 Deploying Wavesec.flv
conferences/camp2003/Dokumentation_CamP2003/day_2/tent_B/Camp_2003 -553 Open CA Project.flv
conferences/camp2003/Dokumentation_CamP2003/day_2/tent_A/Camp_2003 -588 Hacking Smart Cards.flv
conferences/camp2003/Dokumentation_CamP2003/day_2/tent_A/Camp_2003 -603 Single Instruction Multiple Data instructions for Code optimization.flv
conferences/camp2003/Dokumentation_CamP2003/day_2/tent_A/Camp_2003 -574 Hacking RF Spectrum with GNU Radio-software based high performance receiver for todays digi modulations.flv
conferences/camp2003/Dokumentation_CamP2003/day_2/tent_A/Camp_2003 -577 Hacking Biometric Systems.flv
conferences/camp2003/Dokumentation_CamP2003/day_2/tent_A/Camp_2003 -603 Single Instruction Multiple Data instructions for Code optimization.mp4
conferences/camp2003/Dokumentation_CamP2003/day_2/tent_A/Camp_2003 -554 Suing ashcroft Anonymity Right to Travel Secret Laws.flv
conferences/camp2003/Dokumentation_CamP2003/day_2/tent_A/Camp_2003 -577 Hacking Biometric Systems.mp4
conferences/camp2003/Dokumentation_CamP2003/day_2/tent_A/Camp_2003 -588 Hacking Smart Cards.mp4
conferences/camp2003/Dokumentation_CamP2003/day_2/tent_A/Camp_2003 -574 Hacking RF Spectrum with GNU Radio-software based high performance receiver for todays digi modulations.mp4
conferences/camp2003/Dokumentation_CamP2003/day_2/tent_A/Camp_2003 -607 Software Patents.mp4
conferences/camp2003/Dokumentation_CamP2003/day_2/tent_A/Camp_2003 -590 Biometric Data in Identification Documents.flv
conferences/camp2003/Dokumentation_CamP2003/day_2/tent_A/Camp_2003 -533 Cinderella NIDS.flv
conferences/camp2003/Dokumentation_CamP2003/day_2/tent_A/Camp_2003 -554 Suing ashcroft Anonymity Right to Travel Secret Laws.mp4
conferences/camp2003/Dokumentation_CamP2003/day_2/tent_A/Camp_2003 -607 Software Patents.flv
conferences/camp2003/Dokumentation_CamP2003/day_2/tent_A/Camp_2003 -533 Cinderella NIDS.mp4
conferences/camp2003/Dokumentation_CamP2003/day_2/Camp_2003 -589 Hacker Jeopardy.flv
conferences/camp2003/Dokumentation_CamP2003/day_3/tent_B/Camp_2003 -578 HeartOfGold v6.flv
conferences/camp2003/Dokumentation_CamP2003/day_3/tent_B/Camp_2003 -567 LDAP - concepts applications practical problems.flv
conferences/camp2003/Dokumentation_CamP2003/day_3/tent_B/Camp_2003 -575 Open coding Innovation,mov.flv
conferences/camp2003/Dokumentation_CamP2003/day_3/tent_B/Camp_2003 -565 Congestion Control in IP Networks.flv
conferences/camp2003/Dokumentation_CamP2003/day_3/tent_B/Camp_2003 -579 Anonymous Publication Systems.flv
conferences/camp2003/Dokumentation_CamP2003/day_3/tent_B/Camp_2003 -602 LDAP and OpenLDAP a second opinion.flv
conferences/camp2003/Dokumentation_CamP2003/day_3/tent_B/Camp_2003 -609 Bluetooth Detailed Introduction.flv
conferences/camp2003/Dokumentation_CamP2003/day_3/tent_A/Camp_2003 -594 Cisco Vurnerabilities.mp4
conferences/camp2003/Dokumentation_CamP2003/day_3/tent_A/Camp_2003 -596 THC tools -amap and hacker tunnel.mp4
conferences/camp2003/Dokumentation_CamP2003/day_3/tent_A/Camp_2003 -592 Cellular Network Security -The New Frontier.flv
conferences/camp2003/Dokumentation_CamP2003/day_3/tent_A/Camp_2003 -559 Navigation warfare -GPS Galileo and the limits of truth.flv
conferences/camp2003/Dokumentation_CamP2003/day_3/tent_A/Camp_2003 -556 Introduction of quantum computing.mp4
conferences/camp2003/Dokumentation_CamP2003/day_3/tent_A/Camp_2003 -559 Navigation warfare -GPS Galileo and the limits of truth.mp4
conferences/camp2003/Dokumentation_CamP2003/day_3/tent_A/Camp_2003 -594 Cisco Vurnerabilities.flv
conferences/camp2003/Dokumentation_CamP2003/day_3/tent_A/Camp_2003 -556 Introduction of quantum computing.flv
conferences/camp2003/Dokumentation_CamP2003/day_3/tent_A/Camp_2003 -596 THC tools -amap and hacker tunnel.flv
conferences/camp2003/Dokumentation_CamP2003/day_3/tent_A/Camp_2003 -592 Cellular Network Security -The New Frontier.mp4
conferences/camp2003/Dokumentation_CamP2003/day_3/tent_A/Camp_2003 -595 Hacking embedded Systems.flv
conferences/camp2003/Dokumentation_CamP2003/day_1/tent_B/Camp_2003 -583 Honeypots.mp4
conferences/camp2003/Dokumentation_CamP2003/day_1/tent_B/Camp_2003 -583 Honeypots.flv
conferences/camp2003/Dokumentation_CamP2003/day_1/tent_B/Camp_2003 -WaveSec.mp4
conferences/camp2003/Dokumentation_CamP2003/day_1/tent_B/Camp_2003 -552 Selinux - NSAs sec Linux.flv
conferences/camp2003/Dokumentation_CamP2003/day_1/tent_B/Camp_2003 -WaveSec.flv
conferences/camp2003/Dokumentation_CamP2003/day_1/tent_B/Camp_2003 -593 Monitoring and influencing the World Summit on the Infoermation Society.flv
conferences/camp2003/Dokumentation_CamP2003/day_1/tent_B/Camp_2003 -552 Selinux - NSAs sec Linux.mp4
conferences/camp2003/Dokumentation_CamP2003/day_1/tent_B/Camp_2003 -Winlux und Freedos -Emulators on Unix.flv
conferences/camp2003/Dokumentation_CamP2003/day_1/HackCenter/Camp_2003 -550 Opening Event.mp4
conferences/camp2003/Dokumentation_CamP2003/day_1/HackCenter/Camp_2003 -550 Opening Event.flv
conferences/camp2003/Dokumentation_CamP2003/day_1/tent_A/Camp_2003 -557 SPAM anatomy of the Problem + SPAM blocking.mp4
conferences/camp2003/Dokumentation_CamP2003/day_1/tent_A/Camp_2003 -544 PNR.flv
conferences/camp2003/Dokumentation_CamP2003/day_1/tent_A/Camp_2003 -557 SPAM anatomy of the Problem + SPAM blocking.flv
conferences/camp2003/Dokumentation_CamP2003/day_1/tent_A/Camp_2003 -581 PoliticalControl.flv
conferences/camp2003/Dokumentation_CamP2003/day_1/tent_A/Camp_2003 -572 The Art Of Magic- Technology as viewed from non-hackers.flv
conferences/camp2003/Dokumentation_CamP2003/day_1/tent_A/Camp_2003 -564 SocialEngineering.flv
conferences/camp2003/camp-2003-video.flv
conferences/camp2003/camp-2003-video.mp4
conferences/hal2001/video/hal2001_futureofos_24.mp4
conferences/hal2001/video/hal2001_wauholland_memorial_ccc_6.mp4
conferences/hal2001/video/hal2001_intellectual_property.mp4
conferences/hal2001/video/hal2001_dnsdec_32.mp4
conferences/hal2001/video/hal2001_the_story_space_28.mp4
conferences/hal2001/video/hal2001_privacyandlocation_mobile_part1_3.mp4
conferences/hal2001/video/hal2001_raw12aug_2.flv
conferences/hal2001/video/hal2001_bigbrotherawards_29.mp4
conferences/hal2001/video/hal2001_keynote_1.mp4
conferences/hal2001/video/hal2001_sealand_16.mp4
conferences/hal2001/video/hal2001_cohaven_17.flv
conferences/hal2001/video/hal2001_detectinghiddenmessages_31.mp4
conferences/hal2001/video/hal2001_drivebyhacking2_33.flv
conferences/hal2001/video/hal2001_raw_10.mp4
conferences/hal2001/video/hal2001_hackers1984_2001_part1_12.mp4
conferences/hal2001/video/hal2001_hackers1984_2001_part3_12.flv
conferences/hal2001/video/hal2001_freebsd_19.flv
conferences/hal2001/video/hal2001_privacyandlocation_mobile_part1_3.flv
conferences/hal2001/video/hal2001_locationprivacy_27.mp4
conferences/hal2001/video/hal2001_sealand_16.flv
conferences/hal2001/video/hal2001_johngilmore_drugsandthoughtcrime_18.flv
conferences/hal2001/video/hal2001_crypto_java_cards_51.mp4
conferences/hal2001/video/hal2001_b92_part1_39.mp4
conferences/hal2001/video/hal2001_raw_11.mp4
conferences/hal2001/video/hal2001_ipsec_49.mp4
conferences/hal2001/video/hal2001_b92_part1_39.flv
conferences/hal2001/video/hal2001_hacking_the_brain_52.mp4
conferences/hal2001/video/hal2001_rsi_15.flv
conferences/hal2001/video/hal2001_hackers1984_2001_part1_12.flv
conferences/hal2001/video/hal2001_cohaven_17.mp4
conferences/hal2001/video/hal2001_dcma_26.flv
conferences/hal2001/video/hal2001_the_story_space_28.flv
conferences/hal2001/video/hal2001_ddosattacks_37.flv
conferences/hal2001/video/hal2001_transport_of_intercept_iptrafic_50.flv
conferences/hal2001/video/hal2001_raw_9.mp4
conferences/hal2001/video/hal2001_greg_newby_hackers_ethics.mp4
conferences/hal2001/video/hal2001_raw12aug_2.mp4
conferences/hal2001/video/hal2001_wauholland_memorial_ccc_6.flv
conferences/hal2001/video/hal2001_cybersquatting_22.mp4
conferences/hal2001/video/hal2001_wiretapping_21.flv
conferences/hal2001/video/hal2001_cryptophones_23.mp4
conferences/hal2001/video/hal2001_crypto_java_cards_51.flv
conferences/hal2001/video/HAL2001-CNC.flv
conferences/hal2001/video/hal2001_freebsd_19.mp4
conferences/hal2001/video/hal2001_johngilmore_drugsandthoughtcrime_18.mp4
conferences/hal2001/video/hal2001_bigbrotherawards_29.flv
conferences/hal2001/video/hal2001_wiretapping_21.mp4
conferences/hal2001/video/hal2001_b92_part2_40.flv
conferences/hal2001/video/hal2001_detectinghiddenmessages_31.flv
conferences/hal2001/video/hal2001_raw_10.flv
conferences/hal2001/video/hal2001_dnsdec_32.flv
conferences/hal2001/video/hal2001_rsi_15.mp4
conferences/hal2001/video/HAL2001-CNC.mp4
conferences/hal2001/video/hal2001_dcma_26.mp4
conferences/hal2001/video/hal2001_gilmore_whatswrongwithcopyrightprotection_part1_4.mp4
conferences/hal2001/video/hal2001_drivebyhacking_33.flv
conferences/hal2001/video/hal2001_cybersquatting_22.flv
conferences/hal2001/video/hal2001_exploitautomation_35.mp4
conferences/hal2001/video/hal2001_cryptophones_23.flv
conferences/hal2001/video/hal2001_hackers1984_2001_part3_12.mp4
conferences/hal2001/video/hal2001_mobilesecurity2_47.mp4
conferences/hal2001/video/hal2001_ddosattacks2_38.flv
conferences/hal2001/video/hal2001_tragedy_oss_quality_20.mp4
conferences/hal2001/video/hal2001_cryptoanalis_of_rijndael_48.mp4
conferences/hal2001/video/hal2001_gilmore_whatswrongwithcopyrightprotection_part1_4.flv
conferences/hal2001/video/hal2001_ddosattacks_37.mp4
conferences/hal2001/video/hal2001_tragedy_oss_quality_20.flv
conferences/hal2001/video/hal2001_drivebyhacking_33.mp4
conferences/hal2001/video/hal2001_ddosattacks2_38.mp4
conferences/hal2001/video/hal2001_closing_8.flv
conferences/hal2001/video/hal2001_closing_8.mp4
conferences/hal2001/video/hal2001_raw_9.flv
conferences/hal2001/video/hal2001_transport_of_intercept_iptrafic_50.mp4
conferences/hal2001/video/hal2001_philz_10yearspgp_5.flv
conferences/hal2001/video/hal2001_ipsec_49.flv
conferences/hal2001/video/hal2001_keynote_1.flv
conferences/hal2001/video/hal2001_hacking_the_brain_52.flv
conferences/hal2001/video/hal2001_locationprivacy_27.flv
conferences/hal2001/video/hal2001_gilmore_whatswrongwithcopyrightprotection_part2_4.mp4
conferences/hal2001/video/hal2001_hackers1984_2001_part2_12.mp4
conferences/hal2001/video/hal2001_drivebyhacking2_33.mp4
conferences/hal2001/video/hal2001_gnuradio_30.flv
conferences/hal2001/video/hal2001_exploitautomation_35.flv
conferences/hal2001/video/hal2001_philz_10yearspgp_5.mp4
conferences/hal2001/video/hal2001_intellectual_property.flv
conferences/hal2001/video/hal2001_raw_11.flv
conferences/hal2001/video/hal2001_futureofos_24.flv
conferences/hal2001/video/hal2001_greg_newby_hackers_ethics.flv
conferences/hal2001/video/hal2001_cryptoanalis_of_rijndael_48.flv
conferences/hal2001/video/hal2001_hackers1984_2001_part2_12.flv
conferences/hal2001/video/hal2001_gilmore_whatswrongwithcopyrightprotection_part2_4.flv
conferences/hal2001/video/hal2001_mobilesecurity2_47.flv
conferences/hal2001/video/hal2001_gnuradio_30.mp4
conferences/hal2001/video/hal2001_b92_part2_40.mp4
conferences/sigint10/sigint10_3781_de_whistleblowing.mp4
conferences/sigint10/sigint10_3830_de_on_bits_and_pieces.mp4
conferences/sigint10/sigint10_3882_de_auf_der_ueberholspur_zum_stoppschild.mp4
conferences/sigint10/sigint10_3901_de_demoscene_2010.mp4
conferences/sigint10/sigint10_3783_en_guerrilla.mp4
conferences/sigint10/sigint10_3838_de_wo_sind_die_fnords.mp4
conferences/sigint10/sigint10_3828_en_living_in_a_police_state.mp4
conferences/sigint10/sigint10_3743_de_praktische_anti_zensur.mp4
conferences/sigint10/sigint10_3911_en_cognitive_cities.mp4
conferences/sigint10/sigint10_3802_en_open_spectrum_alliance.mp4
conferences/sigint10/sigint10_3823_en_opensource_policies_for_governments.mp4
conferences/sigint10/sigint10_3883_en_anonymous_internet_communication_done_right.mp4
conferences/sigint10/sigint10_3853_en_future_3.0.mp4
conferences/sigint10/sigint10_3846_de_usability.mp4
conferences/sigint10/sigint10_3795_de_elena_verfassungsbeschwerde.mp4
conferences/sigint10/sigint10_3879_de_das_ueberwachte_netz.mp4
conferences/sigint10/sigint10_3808_de_eine_zensur_findet_statt.mp4
conferences/sigint10/sigint10_3843_de_schoene_neue_kreative_welt.mp4
conferences/sigint10/sigint10_3916_de_(dis-)connected_worlds.mp4
conferences/sigint10/sigint10_3845_de_antropofagia.mp4
conferences/sigint10/sigint10_3822_de_die_gescheiterte_revolution.mp4
conferences/sigint10/sigint10_3782_en_reach_out_and_touch_face.mp4
conferences/sigint10/sigint10_3821_en_peer_to_peer_communism.mp4
conferences/sigint10/sigint10_3844_de_identitaets_kriege.mp4
conferences/sigint10/sigint10_3785_de_every_virtual_breath.mp4
conferences/sigint10/sigint10_3915_de_das_zensusgesetz_2011.mp4
conferences/sigint10/sigint10_3825_de_AIDA.mp4
conferences/sigint10/sigint10_3887_de_urheberrecht.mp4
conferences/sigint10/sigint10_3885_de_c_vs_d.mp4
conferences/sigint10/sigint10_3914_de_der_bug.mp4
conferences/sigint10/sigint10_3833_de_indect_fiff.mp4
conferences/sigint10/sigint10_3837_en_buying_privacy_in_digitized_cities.mp4
conferences/sigint10/sigint10_3909_de_computer_spiele_politik.mp4
conferences/sigint10/sigint10_3878_de_datenbrief.mp4
conferences/sigint10/sigint10_3804_de_culture_jamming.mp4
conferences/sigint10/sigint10_3854_en_women_and_geek_culture.mp4
conferences/sigint10/sigint10_3824_de_das_beispiel_elena.mp4
conferences/sigint10/sigint10_3898_en_hackers_in_government.mp4
conferences/sigint10/sigint10_3847_en_attack_vectors_against_mobile_devices.mp4
conferences/sigint10/sigint10_3906_en_hari_kari.mp4
conferences/sigint10/sigint10_3862_de_volkszaehler.mp4
conferences/sigint10/sigint10_3899_en_keynote_day_3.mp4
conferences/sigint10/sigint10_3895_en_malware_joe_blobs.mp4
conferences/sigint10/sigint10_3902_en_get_lamp.mp4
conferences/sigint10/sigint10_3891_en_botnets_in_2010.mp4
conferences/sigint10/sigint10_3829_de_kirche_im_staat_lassen.mp4
conferences/sigint10/sigint10_3800_en_ndis.mp4
conferences/sigint10/sigint10_3867_de_ccc_jahreszwischenbericht.mp4
conferences/sigint10/sigint10_3851_en_opencv.mp4
conferences/sigint10/sigint10_3798_de_imaginaeres_eigentum.mp4
conferences/sigint10/sigint10_3739_en_closing_event.mp4
conferences/sigint10/sigint10_3897_de_plattformneutralitaet.mp4
conferences/sigint10/sigint10_3870_de_digitaler_steuerbuerger.mp4
conferences/sigint10/sigint10_3764_de_datenschutz_fuer_systemadministratoren.mp4
conferences/sigint10/sigint10_3841_de_misstraue_autoritaeten.mp4
conferences/sigint10/sigint10_3813_de_der_abmahnwahn_in_deutschland.mp4
conferences/sigint10/sigint10_3881_de_keykeriki_v2.mp4
conferences/sigint10/sigint10_3745_de_open_data_open_government_und_transparenz.mp4
conferences/sigint10/sigint10_3889_de_operating_systems_dissected.mp4
conferences/sigint10/sigint10_3886_de_perlen_im_misthaufen.mp4
conferences/sigint10/sigint10_3856_de_hoist_the_colours_geschichte_der_piraten.mp4
conferences/mrmcd/mrmcd111b/mrmcd111b-2761-de-solaris-opensolaris_zfs.mp4
conferences/mrmcd/mrmcd111b/mrmcd111b-2746-de-das_ende_der_informellen_selbstbestimmung.mp4
conferences/mrmcd/mrmcd111b/mrmcd111b-2715-de-historie_von_opensolaris.mp4
conferences/mrmcd/mrmcd111b/mrmcd111b-2835-de-esa-esoc.mp4
conferences/mrmcd/mrmcd111b/mrmcd111b-2716-de-opensolaris_solaris-dtrace.mp4
conferences/mrmcd/mrmcd111b/mrmcd111b--en-ctf-summery.mp4
conferences/mrmcd/mrmcd111b/mrmcd111b-2771-de-keynote-karsten_weihe-dekan.mp4
conferences/mrmcd/mrmcd111b/mrmcd111b-2769-de-ssl_und_tls.mp4
conferences/mrmcd/mrmcd111b/mrmcd111b-2752-de-kryptografie.mp4
conferences/mrmcd/mrmcd111b/mrmcd111b-2808-de-decentral_development.mp4
conferences/mrmcd/mrmcd111b/mrmcd111b-2764-de-tud_roboter.mp4
conferences/mrmcd/mrmcd111b/mrmcd111b-2684-de-abusing_x509_certificate_features.mp4
conferences/mrmcd/mrmcd111b/mrmcd111b-2747-de-panel_datenschutzbewegung.mp4
conferences/mrmcd/mrmcd101b/mrmcd101b - Hacking fingerprint recognition systems.flv
conferences/mrmcd/mrmcd101b/mrmcd101b - Hacktivismus und die Moeglichkeiten politischer Einflussnahme.flv
conferences/mrmcd/mrmcd101b/mrmcd101b - X.25 (in)security in 2006: having phun with it.flv
conferences/mrmcd/mrmcd101b/mrmcd101b - Abschlussveranstaltung.flv
conferences/mrmcd/mrmcd101b/mrmcd101b - Eroeffnungsveranstaltung.flv
conferences/mrmcd/mrmcd101b/mrmcd101b - 3 ... 2 ... 1 ... meins.flv
conferences/mrmcd/mrmcd101b/mrmcd101b - The Hash Disaster.flv
conferences/mrmcd/mrmcd101b/mrmcd101b - Sicherheit und Angreifbarkeit heutiger Applikationen.flv
conferences/mrmcd/mrmcd101b/mrmcd101b - Hackers Int.flv
conferences/mrmcd/mrmcd101b/mrmcd101b - Comparison of WAN IGP protocols.flv
conferences/mrmcd/mrmcd101b/mrmcd101b - Nintendo DS.flv
conferences/mrmcd/mrmcd101b/mrmcd101b - Geek Mafia.flv
conferences/mrmcd/mrmcd110b/mrmcd110b - Openmoko and the Neo1973 - A closer look.flv
conferences/mrmcd/mrmcd110b/mrmcd110b - Voting mechanics design principles workshop.flv
conferences/mrmcd/mrmcd110b/mrmcd110b - Wahlcomputer und Gesellschaft.mp4
conferences/mrmcd/mrmcd110b/mrmcd110b - Incident Response and Forensics.mp4
conferences/mrmcd/mrmcd110b/mrmcd110b - Welcome to the SCADA world.flv
conferences/mrmcd/mrmcd110b/mrmcd110b - Creating a Componed Based Message System for Rapid Prototyping.mp4
conferences/mrmcd/mrmcd110b/mrmcd110b - Voting mechanics design principles workshop.mp4
conferences/mrmcd/mrmcd110b/mrmcd110b - Openmoko and the Neo1973 - A closer look.mp4
conferences/mrmcd/mrmcd110b/mrmcd110b - Wahlcomputer und Gesellschaft.flv
conferences/mrmcd/mrmcd110b/mrmcd110b - NEDAP-Wahlcomputer.mp4
conferences/mrmcd/mrmcd110b/mrmcd110b - Creating a Componed Based Message System for Rapid Prototyping.flv
conferences/mrmcd/mrmcd110b/mrmcd110b - Die internationale Piratenbewegung.flv
conferences/mrmcd/mrmcd110b/mrmcd110b - Die internationale Piratenbewegung.mp4
conferences/mrmcd/mrmcd110b/mrmcd110b - Incident Response and Forensics.flv
conferences/mrmcd/mrmcd110b/mrmcd110b - NEDAP-Wahlcomputer.flv
conferences/mrmcd/mrmcd110b/mrmcd110b - Welcome to the SCADA world.mp4
blinkenlights/video/arcade-documentation-video.flv
blinkenlights/video/blinkenlights-video-videocd.flv
blinkenlights/video/blinkenlights-video-medium.flv
blinkenlights/video/blinkenlights-documentation-video.flv
blinkenlights/video/blinkenlights-video-large.flv
blinkenlights/video/blinkenlights-showdown-medium.flv
blinkenlights/video/blinkencam_okt_11-24.mp4
blinkenlights/video/arcade-gareod.kendall.flv
blinkenlights/video/blinkenlights-trailer-video.m4v
blinkenlights/video/P-Link.mp4
blinkenlights/video/arcade-video-hq.flv
blinkenlights/video/blinkencount.flv
blinkenlights/video/blinkenlights-documentation-video.m4v
blinkenlights/video/blinkenlights-trailer-video.flv
blinkenlights/video/arcade-gareod.kendall.m4v
blinkenlights/video/blinkenlights-video-medium.mp4
blinkenlights/video/proto.beamaz-blinkenlights.flv
blinkenlights/video/blinkenlights-video-small.mp4
blinkenlights/video/P-Link.flv
blinkenlights/video/blinkenlights-video-hq.flv
blinkenlights/video/blinkenlights-video-videocd.mp4
blinkenlights/video/blinkencount.mp4
blinkenlights/video/proto.beamaz-blinkenlights.mp4
blinkenlights/video/hdl_oktober1-19.flv
blinkenlights/video/arcade-documentation-video.m4v
blinkenlights/video/blinkenlights-video-hq.m4v
blinkenlights/video/arcade-video-hq.mp4
blinkenlights/video/proto.beamaz-blinkenlights-video-mix.m4v
blinkenlights/video/proto.beamaz-blinkenlights-video-mix.flv
blinkenlights/video/hdl_oktober1-19.mp4
blinkenlights/video/blinkenlights-trailer.flv
blinkenlights/video/blinkenlights-video-large.mp4
blinkenlights/video/blinkenlights-video-small.flv
blinkenlights/video/blinkenlights-showdown-medium.m4v
blinkenlights/video/blinkencam_okt_11-24.flv
blinkenlights/press/2002-03-18-gumtv.m4v
blinkenlights/press/2002-10-26-arte-de.m4v
blinkenlights/press/2002-09-29-bbc-news.flv
blinkenlights/press/2001-11-08-tv-berlin.flv
blinkenlights/press/2002-02-01-mtv.m4v
blinkenlights/press/2002-02-16-sat1.flv
blinkenlights/press/2001-11-23-ntw.m4v
blinkenlights/press/2001-11-08-tv-berlin.m4v
blinkenlights/press/2002-09-29-bbc-news.m4v
blinkenlights/press/2002-08-01-freibeuter_tv.flv
blinkenlights/press/2002-02-16-sat1.m4v
blinkenlights/press/2001-09-17-polylux.flv
blinkenlights/press/2002-10-26-arte-de.flv
blinkenlights/press/2001-11-26-ard-nachtmagazin.m4v
blinkenlights/press/2002-10-26-arte-fr.flv
blinkenlights/press/2001-11-03-ntv.flv
blinkenlights/press/2001-10-24-freshmilk.flv
blinkenlights/press/2001-10-19-pro7.flv
blinkenlights/press/2002-03-18-gumtv.flv
blinkenlights/press/2001-11-23-ntw.flv
blinkenlights/press/2001-11-26-ard-nachtmagazin.flv
blinkenlights/press/2001-10-19-pro7.m4v
blinkenlights/press/2001-09-17-polylux.m4v
blinkenlights/press/2001-10-24-freshmilk.m4v
blinkenlights/press/2002-10-26-arte-fr.m4v
blinkenlights/press/2002-02-01-mtv.flv
blinkenlights/press/2001-11-03-ntv.m4v
blinkenlights/press/2002-08-01-freibeuter_tv.m4v
blinkenlights/press/2001-12-03-polylux.flv
blinkenlights/press/2001-12-03-polylux.m4v
regional/cccmz/vortrage/video/20031125LKMEinfuehrung.mp4
regional/cccmz/vortrage/video/20031125LKMEinfuehrung.flv
regional/c4/CCC-e20_BIG.flv
regional/c4/CCC-e09_BIG.flv
regional/c4/CCC-e13_DVD.mp4
regional/c4/CCC-e23_BIG.flv
regional/c4/ayb.flv
regional/c4/CCC-e17_BIG.flv
regional/c4/CCC-e17_BIG.mp4
regional/c4/CCC-e11_BIG.mp4
regional/c4/CCC-e23_DVD.mp4
regional/c4/CCC-e20_BIG.mp4
regional/c4/CCC-e11_BIG.flv
regional/c4/CCC-e21_DVD.mp4
regional/c4/ayb.mp4
regional/c4/CCC-e09_BIG.mp4
chaosradio/video/chaosradio-documentation-video.flv
chaosradio/video/chaosradio-documentation-video.mp4
